2026-02-24 00:44:26,443 - EmailDrafts - INFO - Collecting drafts for: news
2026-02-24 00:44:26,445 - EmailDrafts - INFO - Found 3 pending draft(s)
2026-02-24 00:44:26,446 - EmailDrafts - INFO - [DRY RUN] Would send email to reviewer@example.com
2026-02-24 00:44:26,446 - EmailDrafts - INFO -   Subject: AI Employee - News Content Drafts (2026-02-24)
2026-02-24 00:44:26,447 - EmailDrafts - INFO -   From: your_email@gmail.com
2026-02-24 02:13:44,541 - EmailDrafts - INFO - Collecting drafts for: news
2026-02-24 02:13:44,541 - EmailDrafts - INFO - No pending drafts found. No email sent.
2026-02-24 02:14:30,724 - EmailDrafts - INFO - Collecting drafts for: news
2026-02-24 02:14:30,725 - EmailDrafts - INFO - Found 1 pending draft(s)
2026-02-24 02:14:33,000 - EmailDrafts - INFO - Email sent to Sherazmaher373@gmail.com
2026-02-24 02:14:51,714 - EmailDrafts - INFO - Collecting drafts for: linkedin, instagram
2026-02-24 02:14:51,715 - EmailDrafts - INFO - Found 2 pending draft(s)
2026-02-24 02:14:54,136 - EmailDrafts - INFO - Email sent to Sherazmaher373@gmail.com
2026-02-24 21:28:19,718 - EmailDrafts - INFO - Collecting drafts for: linkedin, instagram, news
2026-02-24 21:28:19,747 - EmailDrafts - INFO - Found 3 pending draft(s)
2026-02-24 21:28:24,485 - EmailDrafts - INFO - Email sent to Sherazmaher373@gmail.com
2026-02-24 21:32:23,314 - EmailDrafts - INFO - Collecting drafts for: linkedin, instagram, news
2026-02-24 21:32:23,315 - EmailDrafts - INFO - Found 3 pending draft(s)
2026-02-24 21:32:26,261 - EmailDrafts - INFO - Email sent to Sherazmaher373@gmail.com
2026-02-24 21:37:12,913 - EmailDrafts - INFO - Collecting drafts for: linkedin, instagram, news
2026-02-24 21:37:12,915 - EmailDrafts - INFO - Found 3 pending draft(s)
2026-02-24 21:37:19,169 - EmailDrafts - INFO - Email sent to Sherazmaher373@gmail.com
